     1                                  ; TAHA TAS
     2                                  ; Program 5 - Max Fibonacci
     3                                  ; 10/17/2022
     4                                  ; Etc...
     5                                  
     6                                  SECTION .data
     7                                  ; define data/variables here.  Think DB, DW, DD, DQ
     8                                  
     9                                  SECTION .bss
    10                                  ; define uninitialized data here
    11 00000000 <res 00000004>          MaxFib:		RESD 1
    12 00000004 <res 00000002>          FibCount:	RESW 1
    13                                  
    14                                  
    15                                  SECTION .text
    16                                  global _main
    17                                  _main:
    18                                  
    19 00000000 B800000000              mov eax, 0
    20 00000005 BB01000000              mov ebx, 1
    21                                  
    22 0000000A 66FF05[04000000]        inc WORD[FibCount]
    23                                  
    24                                  b1:
    25                                  
    26                                  startLoop:
    27                                  
    28 00000011 93                      xchg eax, ebx
    29 00000012 01C3                    add ebx, eax
    30 00000014 66FF05[04000000]        inc WORD[FibCount]
    31 0000001B 891D[00000000]          mov [MaxFib], ebx
    32 00000021 7202                    jc endLoop
    33                                  b2:
    34                                  
    35 00000023 EBEC                    jmp startLoop
    36                                  
    37                                  
    38                                  endLoop:
    39                                  
    40                                  
    41                                  
    42                                  ;mov ebx, [FibCount]
    43                                  ;b1:
    44                                  
    45                                  ;mov eax, DWORD[MaxFib + ebx * 4]
    46                                  ;b2:
    47                                  
    48                                  ;dec ebx
    49                                  ;b3:
    50                                  
    51                                  ;add eax, DWORD[MaxFib + ebx * 4]
    52                                  ;b4:
    53                                  
    54                                  ;inc ebx
    55                                  ;b5:
    56                                  
    57                                  ;mov [FibCount], ebx
    58                                  
    59                                  ;loop startLoop
    60                                  
    61                                  
    62                                  lastBreak:
    63                                  ; Normal termination code
    64 00000025 B801000000              mov eax, 1
    65 0000002A BB00000000              mov ebx, 0
    66 0000002F CD80                    int 80h
